#! /c/Source/iverilog-install/bin/vvp
:ivl_version "12.0 (devel)" "(s20150603-1539-g2693dd32b)";
:ivl_delay_selection "TYPICAL";
:vpi_time_precision - 12;
:vpi_module "C:\iverilog\lib\ivl\system.vpi";
:vpi_module "C:\iverilog\lib\ivl\vhdl_sys.vpi";
:vpi_module "C:\iverilog\lib\ivl\vhdl_textio.vpi";
:vpi_module "C:\iverilog\lib\ivl\v2005_math.vpi";
:vpi_module "C:\iverilog\lib\ivl\va_math.vpi";
S_0000028231f942f0 .scope module, "carry_save_adder_rca_4_tb" "carry_save_adder_rca_4_tb" 2 6;
 .timescale -12 -12;
v0000028231ff1810_0 .var "a_tb", 3 0;
v0000028231ff19f0_0 .var "b_tb", 3 0;
v0000028231ff0c30_0 .var "c_tb", 3 0;
v0000028231ff0ff0_0 .net "cout_tb", 0 0, L_0000028231ff3cf0;  1 drivers
v0000028231ff0af0_0 .net "sum_tb", 4 0, L_0000028231ff41f0;  1 drivers
S_0000028231f94480 .scope module, "csa_rca0" "carry_save_adder_rca_4" 2 14, 3 1 0, S_0000028231f942f0;
 .timescale -12 -12;
    .port_info 0 /INPUT 4 "a";
    .port_info 1 /INPUT 4 "b";
    .port_info 2 /INPUT 4 "c";
    .port_info 3 /OUTPUT 5 "sum";
    .port_info 4 /OUTPUT 1 "cout";
v0000028231ff0550_0 .net *"_ivl_15", 0 0, L_0000028231ff36b0;  1 drivers
v0000028231ff0a50_0 .net "a", 3 0, v0000028231ff1810_0;  1 drivers
v0000028231ff18b0_0 .net "b", 3 0, v0000028231ff19f0_0;  1 drivers
v0000028231feff10_0 .net "c", 3 0, v0000028231ff0c30_0;  1 drivers
v0000028231ff0d70_0 .net "cout", 0 0, L_0000028231ff3cf0;  alias, 1 drivers
v0000028231ff0050_0 .net "csl40_cout", 3 0, L_0000028231ff4b50;  1 drivers
v0000028231ff1310_0 .net "csl40_sum", 3 0, L_0000028231ff43d0;  1 drivers
v0000028231ff1b30_0 .net "fa0_cout", 0 0, L_0000028231ff6de0;  1 drivers
v0000028231ff1bd0_0 .net "fa0_sum", 0 0, L_0000028231ff7be0;  1 drivers
v0000028231ff13b0_0 .net "fa1_cout", 0 0, L_0000028231ff7080;  1 drivers
v0000028231ff16d0_0 .net "fa1_sum", 0 0, L_0000028231ff7390;  1 drivers
v0000028231ff00f0_0 .net "ha0_cout", 0 0, L_0000028231ff3e30;  1 drivers
v0000028231ff0730_0 .net "ha0_sum", 0 0, L_0000028231ff7400;  1 drivers
v0000028231ff0910_0 .net "ha1_sum", 0 0, L_0000028231ff6d70;  1 drivers
v0000028231ff04b0_0 .net "sum", 4 0, L_0000028231ff41f0;  alias, 1 drivers
L_0000028231ff4bf0 .part L_0000028231ff43d0, 1, 1;
L_0000028231ff4ab0 .part L_0000028231ff4b50, 0, 1;
L_0000028231ff4830 .part L_0000028231ff43d0, 2, 1;
L_0000028231ff3390 .part L_0000028231ff4b50, 1, 1;
L_0000028231ff40b0 .part L_0000028231ff43d0, 3, 1;
L_0000028231ff3430 .part L_0000028231ff4b50, 2, 1;
L_0000028231ff2f30 .part L_0000028231ff4b50, 3, 1;
L_0000028231ff36b0 .part L_0000028231ff43d0, 0, 1;
LS_0000028231ff41f0_0_0 .concat [ 1 1 1 1], L_0000028231ff36b0, L_0000028231ff7400, L_0000028231ff7be0, L_0000028231ff7390;
LS_0000028231ff41f0_0_4 .concat [ 1 0 0 0], L_0000028231ff6d70;
L_0000028231ff41f0 .concat [ 4 1 0 0], LS_0000028231ff41f0_0_0, LS_0000028231ff41f0_0_4;
S_0000028231f65190 .scope module, "csl40" "carry_save_logic_4" 3 11, 4 1 0, S_0000028231f94480;
 .timescale -12 -12;
    .port_info 0 /INPUT 4 "a";
    .port_info 1 /INPUT 4 "b";
    .port_info 2 /INPUT 4 "c";
    .port_info 3 /OUTPUT 4 "sum";
    .port_info 4 /OUTPUT 4 "cout";
v0000028231fec5e0_0 .net "a", 3 0, v0000028231ff1810_0;  alias, 1 drivers
v0000028231fed300_0 .net "b", 3 0, v0000028231ff19f0_0;  alias, 1 drivers
v0000028231fecc20_0 .net "c", 3 0, v0000028231ff0c30_0;  alias, 1 drivers
v0000028231fed1c0_0 .net "cout", 3 0, L_0000028231ff4b50;  alias, 1 drivers
v0000028231fee020_0 .net "sum", 3 0, L_0000028231ff43d0;  alias, 1 drivers
L_0000028231ff45b0 .part v0000028231ff1810_0, 0, 1;
L_0000028231ff3110 .part v0000028231ff19f0_0, 0, 1;
L_0000028231ff3250 .part v0000028231ff0c30_0, 0, 1;
L_0000028231ff3a70 .part v0000028231ff1810_0, 1, 1;
L_0000028231ff4a10 .part v0000028231ff19f0_0, 1, 1;
L_0000028231ff2d50 .part v0000028231ff0c30_0, 1, 1;
L_0000028231ff3570 .part v0000028231ff1810_0, 2, 1;
L_0000028231ff4970 .part v0000028231ff19f0_0, 2, 1;
L_0000028231ff4330 .part v0000028231ff0c30_0, 2, 1;
L_0000028231ff3b10 .part v0000028231ff1810_0, 3, 1;
L_0000028231ff39d0 .part v0000028231ff19f0_0, 3, 1;
L_0000028231ff4010 .part v0000028231ff0c30_0, 3, 1;
L_0000028231ff43d0 .concat8 [ 1 1 1 1], L_0000028231f87570, L_0000028231f868c0, L_0000028231f86cb0, L_0000028231ff7630;
L_0000028231ff4b50 .concat8 [ 1 1 1 1], L_0000028231f867e0, L_0000028231f86a80, L_0000028231ff7710, L_0000028231ff70f0;
S_0000028231f65320 .scope module, "fa0" "full_adder" 4 9, 5 1 0, S_0000028231f65190;
 .timescale -12 -12;
    .port_info 0 /INPUT 1 "a";
    .port_info 1 /INPUT 1 "b";
    .port_info 2 /INPUT 1 "cin";
    .port_info 3 /OUTPUT 1 "sum";
    .port_info 4 /OUTPUT 1 "cout";
L_0000028231f867e0 .functor OR 1, L_0000028231ff1950, L_0000028231ff1770, C4<0>, C4<0>;
v0000028231f90680_0 .net "a", 0 0, L_0000028231ff45b0;  1 drivers
v0000028231f8f320_0 .net "b", 0 0, L_0000028231ff3110;  1 drivers
v0000028231f8fc80_0 .net "cin", 0 0, L_0000028231ff3250;  1 drivers
v0000028231f8ec40_0 .net "cout", 0 0, L_0000028231f867e0;  1 drivers
v0000028231f8ece0_0 .net "ha0_cout", 0 0, L_0000028231ff1770;  1 drivers
v0000028231f8ffa0_0 .net "ha0_sum", 0 0, L_0000028231f870a0;  1 drivers
v0000028231f8fb40_0 .net "ha1_cout", 0 0, L_0000028231ff1950;  1 drivers
v0000028231f8f500_0 .net "sum", 0 0, L_0000028231f87570;  1 drivers
S_0000028231f1cee0 .scope module, "ha0" "half_adder" 5 12, 6 1 0, S_0000028231f65320;
 .timescale -12 -12;
    .port_info 0 /INPUT 1 "a";
    .port_info 1 /INPUT 1 "b";
    .port_info 2 /OUTPUT 1 "sum";
    .port_info 3 /OUTPUT 1 "cout";
L_0000028231f870a0 .functor XOR 1, L_0000028231ff45b0, L_0000028231ff3110, C4<0>, C4<0>;
v0000028231f8f8c0_0 .net "a", 0 0, L_0000028231ff45b0;  alias, 1 drivers
v0000028231f90900_0 .net "b", 0 0, L_0000028231ff3110;  alias, 1 drivers
v0000028231f8f000_0 .net "cout", 0 0, L_0000028231ff1770;  alias, 1 drivers
v0000028231f8f960_0 .net "sum", 0 0, L_0000028231f870a0;  alias, 1 drivers
L_0000028231ff1770 .arith/mult 1, L_0000028231ff45b0, L_0000028231ff3110;
S_0000028231f1d070 .scope module, "hf1" "half_adder" 5 21, 6 1 0, S_0000028231f65320;
 .timescale -12 -12;
    .port_info 0 /INPUT 1 "a";
    .port_info 1 /INPUT 1 "b";
    .port_info 2 /OUTPUT 1 "sum";
    .port_info 3 /OUTPUT 1 "cout";
L_0000028231f87570 .functor XOR 1, L_0000028231ff3250, L_0000028231f870a0, C4<0>, C4<0>;
v0000028231f8f460_0 .net "a", 0 0, L_0000028231ff3250;  alias, 1 drivers
v0000028231f8faa0_0 .net "b", 0 0, L_0000028231f870a0;  alias, 1 drivers
v0000028231f8f0a0_0 .net "cout", 0 0, L_0000028231ff1950;  alias, 1 drivers
v0000028231f8f280_0 .net "sum", 0 0, L_0000028231f87570;  alias, 1 drivers
L_0000028231ff1950 .arith/mult 1, L_0000028231ff3250, L_0000028231f870a0;
S_0000028231f69b30 .scope module, "fa1" "full_adder" 4 10, 5 1 0, S_0000028231f65190;
 .timescale -12 -12;
    .port_info 0 /INPUT 1 "a";
    .port_info 1 /INPUT 1 "b";
    .port_info 2 /INPUT 1 "cin";
    .port_info 3 /OUTPUT 1 "sum";
    .port_info 4 /OUTPUT 1 "cout";
L_0000028231f86a80 .functor OR 1, L_0000028231ff3bb0, L_0000028231ff34d0, C4<0>, C4<0>;
v0000028231f8ee20_0 .net "a", 0 0, L_0000028231ff3a70;  1 drivers
v0000028231f904a0_0 .net "b", 0 0, L_0000028231ff4a10;  1 drivers
v0000028231f90720_0 .net "cin", 0 0, L_0000028231ff2d50;  1 drivers
v0000028231f8f140_0 .net "cout", 0 0, L_0000028231f86a80;  1 drivers
v0000028231f90540_0 .net "ha0_cout", 0 0, L_0000028231ff34d0;  1 drivers
v0000028231f905e0_0 .net "ha0_sum", 0 0, L_0000028231f87110;  1 drivers
v0000028231f907c0_0 .net "ha1_cout", 0 0, L_0000028231ff3bb0;  1 drivers
v0000028231f90860_0 .net "sum", 0 0, L_0000028231f868c0;  1 drivers
S_0000028231f69cc0 .scope module, "ha0" "half_adder" 5 12, 6 1 0, S_0000028231f69b30;
 .timescale -12 -12;
    .port_info 0 /INPUT 1 "a";
    .port_info 1 /INPUT 1 "b";
    .port_info 2 /OUTPUT 1 "sum";
    .port_info 3 /OUTPUT 1 "cout";
L_0000028231f87110 .functor XOR 1, L_0000028231ff3a70, L_0000028231ff4a10, C4<0>, C4<0>;
v0000028231f8eec0_0 .net "a", 0 0, L_0000028231ff3a70;  alias, 1 drivers
v0000028231f8fbe0_0 .net "b", 0 0, L_0000028231ff4a10;  alias, 1 drivers
v0000028231f8fd20_0 .net "cout", 0 0, L_0000028231ff34d0;  alias, 1 drivers
v0000028231f90220_0 .net "sum", 0 0, L_0000028231f87110;  alias, 1 drivers
L_0000028231ff34d0 .arith/mult 1, L_0000028231ff3a70, L_0000028231ff4a10;
S_0000028231f32510 .scope module, "hf1" "half_adder" 5 21, 6 1 0, S_0000028231f69b30;
 .timescale -12 -12;
    .port_info 0 /INPUT 1 "a";
    .port_info 1 /INPUT 1 "b";
    .port_info 2 /OUTPUT 1 "sum";
    .port_info 3 /OUTPUT 1 "cout";
L_0000028231f868c0 .functor XOR 1, L_0000028231ff2d50, L_0000028231f87110, C4<0>, C4<0>;
v0000028231f902c0_0 .net "a", 0 0, L_0000028231ff2d50;  alias, 1 drivers
v0000028231f90360_0 .net "b", 0 0, L_0000028231f87110;  alias, 1 drivers
v0000028231f8f640_0 .net "cout", 0 0, L_0000028231ff3bb0;  alias, 1 drivers
v0000028231f90400_0 .net "sum", 0 0, L_0000028231f868c0;  alias, 1 drivers
L_0000028231ff3bb0 .arith/mult 1, L_0000028231ff2d50, L_0000028231f87110;
S_0000028231f326a0 .scope module, "fa2" "full_adder" 4 11, 5 1 0, S_0000028231f65190;
 .timescale -12 -12;
    .port_info 0 /INPUT 1 "a";
    .port_info 1 /INPUT 1 "b";
    .port_info 2 /INPUT 1 "cin";
    .port_info 3 /OUTPUT 1 "sum";
    .port_info 4 /OUTPUT 1 "cout";
L_0000028231ff7710 .functor OR 1, L_0000028231ff4290, L_0000028231ff31b0, C4<0>, C4<0>;
v0000028231fed620_0 .net "a", 0 0, L_0000028231ff3570;  1 drivers
v0000028231fedee0_0 .net "b", 0 0, L_0000028231ff4970;  1 drivers
v0000028231fed260_0 .net "cin", 0 0, L_0000028231ff4330;  1 drivers
v0000028231fed940_0 .net "cout", 0 0, L_0000028231ff7710;  1 drivers
v0000028231feda80_0 .net "ha0_cout", 0 0, L_0000028231ff31b0;  1 drivers
v0000028231fed6c0_0 .net "ha0_sum", 0 0, L_0000028231f86b60;  1 drivers
v0000028231fedbc0_0 .net "ha1_cout", 0 0, L_0000028231ff4290;  1 drivers
v0000028231fed800_0 .net "sum", 0 0, L_0000028231f86cb0;  1 drivers
S_0000028231f32830 .scope module, "ha0" "half_adder" 5 12, 6 1 0, S_0000028231f326a0;
 .timescale -12 -12;
    .port_info 0 /INPUT 1 "a";
    .port_info 1 /INPUT 1 "b";
    .port_info 2 /OUTPUT 1 "sum";
    .port_info 3 /OUTPUT 1 "cout";
L_0000028231f86b60 .functor XOR 1, L_0000028231ff3570, L_0000028231ff4970, C4<0>, C4<0>;
v0000028231f8f1e0_0 .net "a", 0 0, L_0000028231ff3570;  alias, 1 drivers
v0000028231f909a0_0 .net "b", 0 0, L_0000028231ff4970;  alias, 1 drivers
v0000028231f8f6e0_0 .net "cout", 0 0, L_0000028231ff31b0;  alias, 1 drivers
v0000028231f8f780_0 .net "sum", 0 0, L_0000028231f86b60;  alias, 1 drivers
L_0000028231ff31b0 .arith/mult 1, L_0000028231ff3570, L_0000028231ff4970;
S_0000028231fec360 .scope module, "hf1" "half_adder" 5 21, 6 1 0, S_0000028231f326a0;
 .timescale -12 -12;
    .port_info 0 /INPUT 1 "a";
    .port_info 1 /INPUT 1 "b";
    .port_info 2 /OUTPUT 1 "sum";
    .port_info 3 /OUTPUT 1 "cout";
L_0000028231f86cb0 .functor XOR 1, L_0000028231ff4330, L_0000028231f86b60, C4<0>, C4<0>;
v0000028231fed760_0 .net "a", 0 0, L_0000028231ff4330;  alias, 1 drivers
v0000028231fedb20_0 .net "b", 0 0, L_0000028231f86b60;  alias, 1 drivers
v0000028231fed8a0_0 .net "cout", 0 0, L_0000028231ff4290;  alias, 1 drivers
v0000028231fee160_0 .net "sum", 0 0, L_0000028231f86cb0;  alias, 1 drivers
L_0000028231ff4290 .arith/mult 1, L_0000028231ff4330, L_0000028231f86b60;
S_0000028231fee500 .scope module, "fa3" "full_adder" 4 12, 5 1 0, S_0000028231f65190;
 .timescale -12 -12;
    .port_info 0 /INPUT 1 "a";
    .port_info 1 /INPUT 1 "b";
    .port_info 2 /INPUT 1 "cin";
    .port_info 3 /OUTPUT 1 "sum";
    .port_info 4 /OUTPUT 1 "cout";
L_0000028231ff70f0 .functor OR 1, L_0000028231ff4650, L_0000028231ff32f0, C4<0>, C4<0>;
v0000028231fedda0_0 .net "a", 0 0, L_0000028231ff3b10;  1 drivers
v0000028231fec540_0 .net "b", 0 0, L_0000028231ff39d0;  1 drivers
v0000028231fed080_0 .net "cin", 0 0, L_0000028231ff4010;  1 drivers
v0000028231fed120_0 .net "cout", 0 0, L_0000028231ff70f0;  1 drivers
v0000028231feca40_0 .net "ha0_cout", 0 0, L_0000028231ff32f0;  1 drivers
v0000028231fedf80_0 .net "ha0_sum", 0 0, L_0000028231ff72b0;  1 drivers
v0000028231fee2a0_0 .net "ha1_cout", 0 0, L_0000028231ff4650;  1 drivers
v0000028231fec860_0 .net "sum", 0 0, L_0000028231ff7630;  1 drivers
S_0000028231fee690 .scope module, "ha0" "half_adder" 5 12, 6 1 0, S_0000028231fee500;
 .timescale -12 -12;
    .port_info 0 /INPUT 1 "a";
    .port_info 1 /INPUT 1 "b";
    .port_info 2 /OUTPUT 1 "sum";
    .port_info 3 /OUTPUT 1 "cout";
L_0000028231ff72b0 .functor XOR 1, L_0000028231ff3b10, L_0000028231ff39d0, C4<0>, C4<0>;
v0000028231fedc60_0 .net "a", 0 0, L_0000028231ff3b10;  alias, 1 drivers
v0000028231fee340_0 .net "b", 0 0, L_0000028231ff39d0;  alias, 1 drivers
v0000028231fede40_0 .net "cout", 0 0, L_0000028231ff32f0;  alias, 1 drivers
v0000028231fee3e0_0 .net "sum", 0 0, L_0000028231ff72b0;  alias, 1 drivers
L_0000028231ff32f0 .arith/mult 1, L_0000028231ff3b10, L_0000028231ff39d0;
S_0000028231fee820 .scope module, "hf1" "half_adder" 5 21, 6 1 0, S_0000028231fee500;
 .timescale -12 -12;
    .port_info 0 /INPUT 1 "a";
    .port_info 1 /INPUT 1 "b";
    .port_info 2 /OUTPUT 1 "sum";
    .port_info 3 /OUTPUT 1 "cout";
L_0000028231ff7630 .functor XOR 1, L_0000028231ff4010, L_0000028231ff72b0, C4<0>, C4<0>;
v0000028231fecfe0_0 .net "a", 0 0, L_0000028231ff4010;  alias, 1 drivers
v0000028231fecb80_0 .net "b", 0 0, L_0000028231ff72b0;  alias, 1 drivers
v0000028231fed9e0_0 .net "cout", 0 0, L_0000028231ff4650;  alias, 1 drivers
v0000028231fedd00_0 .net "sum", 0 0, L_0000028231ff7630;  alias, 1 drivers
L_0000028231ff4650 .arith/mult 1, L_0000028231ff4010, L_0000028231ff72b0;
S_0000028231fee9b0 .scope module, "fa0" "full_adder" 3 31, 5 1 0, S_0000028231f94480;
 .timescale -12 -12;
    .port_info 0 /INPUT 1 "a";
    .port_info 1 /INPUT 1 "b";
    .port_info 2 /INPUT 1 "cin";
    .port_info 3 /OUTPUT 1 "sum";
    .port_info 4 /OUTPUT 1 "cout";
L_0000028231ff6de0 .functor OR 1, L_0000028231ff3c50, L_0000028231ff3610, C4<0>, C4<0>;
v0000028231fed580_0 .net "a", 0 0, L_0000028231ff4830;  1 drivers
v0000028231fec720_0 .net "b", 0 0, L_0000028231ff3390;  1 drivers
v0000028231fec7c0_0 .net "cin", 0 0, L_0000028231ff3e30;  alias, 1 drivers
v0000028231fecae0_0 .net "cout", 0 0, L_0000028231ff6de0;  alias, 1 drivers
v0000028231feccc0_0 .net "ha0_cout", 0 0, L_0000028231ff3610;  1 drivers
v0000028231fecd60_0 .net "ha0_sum", 0 0, L_0000028231ff7320;  1 drivers
v0000028231fece00_0 .net "ha1_cout", 0 0, L_0000028231ff3c50;  1 drivers
v0000028231fecea0_0 .net "sum", 0 0, L_0000028231ff7be0;  alias, 1 drivers
S_0000028231feeb40 .scope module, "ha0" "half_adder" 5 12, 6 1 0, S_0000028231fee9b0;
 .timescale -12 -12;
    .port_info 0 /INPUT 1 "a";
    .port_info 1 /INPUT 1 "b";
    .port_info 2 /OUTPUT 1 "sum";
    .port_info 3 /OUTPUT 1 "cout";
L_0000028231ff7320 .functor XOR 1, L_0000028231ff4830, L_0000028231ff3390, C4<0>, C4<0>;
v0000028231fec900_0 .net "a", 0 0, L_0000028231ff4830;  alias, 1 drivers
v0000028231fed3a0_0 .net "b", 0 0, L_0000028231ff3390;  alias, 1 drivers
v0000028231fee0c0_0 .net "cout", 0 0, L_0000028231ff3610;  alias, 1 drivers
v0000028231fed440_0 .net "sum", 0 0, L_0000028231ff7320;  alias, 1 drivers
L_0000028231ff3610 .arith/mult 1, L_0000028231ff4830, L_0000028231ff3390;
S_0000028231feed20 .scope module, "hf1" "half_adder" 5 21, 6 1 0, S_0000028231fee9b0;
 .timescale -12 -12;
    .port_info 0 /INPUT 1 "a";
    .port_info 1 /INPUT 1 "b";
    .port_info 2 /OUTPUT 1 "sum";
    .port_info 3 /OUTPUT 1 "cout";
L_0000028231ff7be0 .functor XOR 1, L_0000028231ff3e30, L_0000028231ff7320, C4<0>, C4<0>;
v0000028231fee200_0 .net "a", 0 0, L_0000028231ff3e30;  alias, 1 drivers
v0000028231fec680_0 .net "b", 0 0, L_0000028231ff7320;  alias, 1 drivers
v0000028231fec9a0_0 .net "cout", 0 0, L_0000028231ff3c50;  alias, 1 drivers
v0000028231fed4e0_0 .net "sum", 0 0, L_0000028231ff7be0;  alias, 1 drivers
L_0000028231ff3c50 .arith/mult 1, L_0000028231ff3e30, L_0000028231ff7320;
S_0000028231fef040 .scope module, "fa1" "full_adder" 3 32, 5 1 0, S_0000028231f94480;
 .timescale -12 -12;
    .port_info 0 /INPUT 1 "a";
    .port_info 1 /INPUT 1 "b";
    .port_info 2 /INPUT 1 "cin";
    .port_info 3 /OUTPUT 1 "sum";
    .port_info 4 /OUTPUT 1 "cout";
L_0000028231ff7080 .functor OR 1, L_0000028231ff2e90, L_0000028231ff2df0, C4<0>, C4<0>;
v0000028231ff0f50_0 .net "a", 0 0, L_0000028231ff40b0;  1 drivers
v0000028231ff1590_0 .net "b", 0 0, L_0000028231ff3430;  1 drivers
v0000028231ff0eb0_0 .net "cin", 0 0, L_0000028231ff6de0;  alias, 1 drivers
v0000028231fefd30_0 .net "cout", 0 0, L_0000028231ff7080;  alias, 1 drivers
v0000028231ff1a90_0 .net "ha0_cout", 0 0, L_0000028231ff2df0;  1 drivers
v0000028231fefdd0_0 .net "ha0_sum", 0 0, L_0000028231ff74e0;  1 drivers
v0000028231ff0370_0 .net "ha1_cout", 0 0, L_0000028231ff2e90;  1 drivers
v0000028231ff1130_0 .net "sum", 0 0, L_0000028231ff7390;  alias, 1 drivers
S_0000028231fef4f0 .scope module, "ha0" "half_adder" 5 12, 6 1 0, S_0000028231fef040;
 .timescale -12 -12;
    .port_info 0 /INPUT 1 "a";
    .port_info 1 /INPUT 1 "b";
    .port_info 2 /OUTPUT 1 "sum";
    .port_info 3 /OUTPUT 1 "cout";
L_0000028231ff74e0 .functor XOR 1, L_0000028231ff40b0, L_0000028231ff3430, C4<0>, C4<0>;
v0000028231fecf40_0 .net "a", 0 0, L_0000028231ff40b0;  alias, 1 drivers
v0000028231ff0230_0 .net "b", 0 0, L_0000028231ff3430;  alias, 1 drivers
v0000028231ff1090_0 .net "cout", 0 0, L_0000028231ff2df0;  alias, 1 drivers
v0000028231ff14f0_0 .net "sum", 0 0, L_0000028231ff74e0;  alias, 1 drivers
L_0000028231ff2df0 .arith/mult 1, L_0000028231ff40b0, L_0000028231ff3430;
S_0000028231fefb30 .scope module, "hf1" "half_adder" 5 21, 6 1 0, S_0000028231fef040;
 .timescale -12 -12;
    .port_info 0 /INPUT 1 "a";
    .port_info 1 /INPUT 1 "b";
    .port_info 2 /OUTPUT 1 "sum";
    .port_info 3 /OUTPUT 1 "cout";
L_0000028231ff7390 .functor XOR 1, L_0000028231ff6de0, L_0000028231ff74e0, C4<0>, C4<0>;
v0000028231ff0190_0 .net "a", 0 0, L_0000028231ff6de0;  alias, 1 drivers
v0000028231ff02d0_0 .net "b", 0 0, L_0000028231ff74e0;  alias, 1 drivers
v0000028231ff0b90_0 .net "cout", 0 0, L_0000028231ff2e90;  alias, 1 drivers
v0000028231ff1270_0 .net "sum", 0 0, L_0000028231ff7390;  alias, 1 drivers
L_0000028231ff2e90 .arith/mult 1, L_0000028231ff6de0, L_0000028231ff74e0;
S_0000028231fef1d0 .scope module, "ha0" "half_adder" 3 30, 6 1 0, S_0000028231f94480;
 .timescale -12 -12;
    .port_info 0 /INPUT 1 "a";
    .port_info 1 /INPUT 1 "b";
    .port_info 2 /OUTPUT 1 "sum";
    .port_info 3 /OUTPUT 1 "cout";
L_0000028231ff7400 .functor XOR 1, L_0000028231ff4bf0, L_0000028231ff4ab0, C4<0>, C4<0>;
v0000028231ff05f0_0 .net "a", 0 0, L_0000028231ff4bf0;  1 drivers
v0000028231ff0e10_0 .net "b", 0 0, L_0000028231ff4ab0;  1 drivers
v0000028231ff1630_0 .net "cout", 0 0, L_0000028231ff3e30;  alias, 1 drivers
v0000028231ff0cd0_0 .net "sum", 0 0, L_0000028231ff7400;  alias, 1 drivers
L_0000028231ff3e30 .arith/mult 1, L_0000028231ff4bf0, L_0000028231ff4ab0;
S_0000028231fef680 .scope module, "ha1" "half_adder" 3 33, 6 1 0, S_0000028231f94480;
 .timescale -12 -12;
    .port_info 0 /INPUT 1 "a";
    .port_info 1 /INPUT 1 "b";
    .port_info 2 /OUTPUT 1 "sum";
    .port_info 3 /OUTPUT 1 "cout";
L_0000028231ff6d70 .functor XOR 1, L_0000028231ff7080, L_0000028231ff2f30, C4<0>, C4<0>;
v0000028231ff0410_0 .net "a", 0 0, L_0000028231ff7080;  alias, 1 drivers
v0000028231fefe70_0 .net "b", 0 0, L_0000028231ff2f30;  1 drivers
v0000028231ff11d0_0 .net "cout", 0 0, L_0000028231ff3cf0;  alias, 1 drivers
v0000028231feffb0_0 .net "sum", 0 0, L_0000028231ff6d70;  alias, 1 drivers
L_0000028231ff3cf0 .arith/mult 1, L_0000028231ff7080, L_0000028231ff2f30;
S_0000028231fef810 .scope task, "verify" "verify" 2 22, 2 22 0, S_0000028231f942f0;
 .timescale -12 -12;
v0000028231ff07d0_0 .var "a_task", 3 0;
v0000028231ff0690_0 .var "b_task", 3 0;
v0000028231ff0870_0 .var "c_task", 3 0;
v0000028231ff09b0_0 .var "cout_task", 0 0;
v0000028231ff1450_0 .var "sum_task", 4 0;
TD_carry_save_adder_rca_4_tb.verify ;
    %load/vec4 v0000028231ff07d0_0;
    %store/vec4 v0000028231ff1810_0, 0, 4;
    %load/vec4 v0000028231ff0690_0;
    %store/vec4 v0000028231ff19f0_0, 0, 4;
    %load/vec4 v0000028231ff0870_0;
    %store/vec4 v0000028231ff0c30_0, 0, 4;
    %delay 1, 0;
    %load/vec4 v0000028231ff1450_0;
    %load/vec4 v0000028231ff0af0_0;
    %cmp/e;
    %flag_get/vec4 4;
    %jmp/0 T_0.2, 4;
    %load/vec4 v0000028231ff09b0_0;
    %load/vec4 v0000028231ff0ff0_0;
    %cmp/e;
    %flag_get/vec4 4;
    %and;
T_0.2;
    %flag_set/vec4 8;
    %jmp/0xz  T_0.0, 8;
    %vpi_call 2 35 "$display", "CORRECTO: Dato de entrada a: %b, Dato de entrada b: %b, Dato de entrada cin: %b, Dato de salida s esperado: %b, Dato de salida s obtenido: %b, Dato de salida c esperado: %b, Dato de salida c obtenido: %b", v0000028231ff1810_0, v0000028231ff19f0_0, v0000028231ff0870_0, v0000028231ff1450_0, v0000028231ff0af0_0, v0000028231ff09b0_0, v0000028231ff0ff0_0 {0 0 0};
    %jmp T_0.1;
T_0.0 ;
    %vpi_call 2 37 "$display", "INCORRECTO: Dato de entrada a: %b, Dato de entrada b: %b, Dato de entrada cin: %b, Dato de salida s esperado: %b, Dato de salida s obtenido: %b, Dato de salida c esperado: %b, Dato de salida c obtenido: %b", v0000028231ff1810_0, v0000028231ff19f0_0, v0000028231ff0870_0, v0000028231ff1450_0, v0000028231ff0af0_0, v0000028231ff09b0_0, v0000028231ff0ff0_0 {0 0 0};
T_0.1 ;
    %end;
    .scope S_0000028231f942f0;
T_1 ;
    %vpi_call 2 45 "$dumpfile", "carry_save_adder_rca_4_tb.vcd" {0 0 0};
    %vpi_call 2 46 "$dumpvars", 32'sb00000000000000000000000000000000, S_0000028231f942f0 {0 0 0};
    %end;
    .thread T_1;
    .scope S_0000028231f942f0;
T_2 ;
    %pushi/vec4 1, 0, 4;
    %store/vec4 v0000028231ff07d0_0, 0, 4;
    %pushi/vec4 1, 0, 4;
    %store/vec4 v0000028231ff0690_0, 0, 4;
    %pushi/vec4 1, 0, 4;
    %store/vec4 v0000028231ff0870_0, 0, 4;
    %pushi/vec4 3, 0, 5;
    %store/vec4 v0000028231ff1450_0, 0, 5;
    %pushi/vec4 0, 0, 1;
    %store/vec4 v0000028231ff09b0_0, 0, 1;
    %fork TD_carry_save_adder_rca_4_tb.verify, S_0000028231fef810;
    %join;
    %pushi/vec4 15, 0, 4;
    %store/vec4 v0000028231ff07d0_0, 0, 4;
    %pushi/vec4 15, 0, 4;
    %store/vec4 v0000028231ff0690_0, 0, 4;
    %pushi/vec4 15, 0, 4;
    %store/vec4 v0000028231ff0870_0, 0, 4;
    %pushi/vec4 13, 0, 5;
    %store/vec4 v0000028231ff1450_0, 0, 5;
    %pushi/vec4 1, 0, 1;
    %store/vec4 v0000028231ff09b0_0, 0, 1;
    %fork TD_carry_save_adder_rca_4_tb.verify, S_0000028231fef810;
    %join;
    %end;
    .thread T_2;
# The file index is used to find the file name in the following table.
:file_names 7;
    "N/A";
    "<interactive>";
    "carry_save_adder_rca_4_tb.v";
    "./../../src/verilog/carry_save_adder_rca_4.v";
    "./../../src/verilog/carry_save_logic_4.v";
    "./../../../Project 2 - Full Adder/src/verilog/full_adder.v";
    "./../../../Project 1 - Half Adder/src/verilog/half_adder.v";
